// Jest Snapshot v1, https://goo.gl/fbAQLP

exports[`<Forbidden /> component when rendering should render a component matching the snapshot 1`] = `
<WithStyles(Paper)>
  <h1>
    Forbidden
  </h1>
  <p>
    You do not have permission to access this page.
  </p>
</WithStyles(Paper)>
`;
