// Jest Snapshot v1, https://goo.gl/fbAQLP

exports[`<TableJest /> component when rendering should render a component matching the snapshot 1`] = `
<table>
  <Component />
  <sortableList(TableRowsContainer)
    axis="y"
    distance={0}
    getHelperDimensions={[Function]}
    hideSortableGhost={true}
    lockOffset="50%"
    lockToContainerEdges={false}
    onSortEnd={[Function]}
    pressDelay={0}
    pressThreshold={5}
    shouldCancelStart={[Function]}
    transitionDuration={300}
    useWindowAsScrollContainer={false}
  />
</table>
`;
