// Jest Snapshot v1, https://goo.gl/fbAQLP

exports[`<CircularIndeterminate /> component when rendering should render a component matching the snapshot 1`] = `
<CircularIndeterminate
  classes={
    Object {
      "loadingWrapper": "CircularIndeterminate-loadingWrapper-2 bar",
      "progress": "CircularIndeterminate-progress-1 foo",
    }
  }
/>
`;
