// Jest Snapshot v1, https://goo.gl/fbAQLP

exports[`<TypeSelect /> component when rendering should render a component matching the snapshot 1`] = `
<WithStyles(Button)
  color="primary"
  type="submit"
  variant="outlined"
>
  Add Product
</WithStyles(Button)>
`;
